<?xml version="1.0" encoding="UTF-8"?>
<TestRun id="37d9bedb-2723-4309-91b9-ca41e6e7012c" name="Glory@GLORY-PC 2014-04-09 16:39:33" runUser="Glory-PC\Glory" xmlns="http://microsoft.com/schemas/VisualStudio/TeamTest/2010">
  <TestSettings name="Default Test Settings" id="cbc75a03-b751-42a7-89b6-5397dbf558ce">
    <Deployment runDeploymentRoot="Glory_GLORY-PC 2014-04-09 16_39_33">
      <DeploymentItem filename="C:\Users\Glory\Documents\GitHub\Carpool\CarpoolSystem\bin\CarpoolSystem.dll" />
      <DeploymentItem filename="C:\Users\Glory\Documents\GitHub\Carpool\packages\Moq.4.2.1402.2112\lib\net40\Moq.dll" />
      <DeploymentItem filename="C:\Users\Glory\Documents\GitHub\Carpool\packages\SimpleCrypto.0.3.30.26\lib\SimpleCrypto.dll" />
    </Deployment>
    <Execution>
      <TestTypeSpecific />
      <AgentRule name="Execution Agents">
      </AgentRule>
    </Execution>
  </TestSettings>
  <Times creation="2014-04-09T16:39:33.9822350-05:00" queuing="2014-04-09T16:39:34.1222430-05:00" start="2014-04-09T16:39:34.1282433-05:00" finish="2014-04-09T16:39:34.8632854-05:00" />
  <ResultSummary outcome="Failed">
    <Counters total="9" executed="9" passed="8" error="0" failed="1" timeout="0" aborted="0" inconclusive="0" passedButRunAborted="0" notRunnable="0" notExecuted="0" disconnected="0" warning="0" completed="0" inProgress="0" pending="0" />
  </ResultSummary>
  <TestDefinitions>
    <UnitTest name="Test_Event_ReturnView" storage="c:\users\glory\documents\github\carpool\carpoolsystem.tests\bin\debug\carpoolsystem.tests.dll" id="e0756e2a-d4a0-519e-5273-b1aa054908a5">
      <Execution id="9a019d78-19dd-476b-9750-b955031c1ec0" />
      <TestMethod codeBase="C:/Users/Glory/Documents/GitHub/Carpool/CarpoolSystem.Tests/bin/Debug/CarpoolSystem.Tests.DLL" adapterTypeName="Microsoft.VisualStudio.TestTools.TestTypes.Unit.UnitTestAdapter, Microsoft.VisualStudio.QualityTools.Tips.UnitTest.Adapter, Version=10.0.0.0, Culture=neutral, PublicKeyToken=b03f5f7f11d50a3a" className="CarpoolSystem.Tests.HomeControllerTest, CarpoolSystem.Tests, Version=1.0.0.0, Culture=neutral, PublicKeyToken=null" name="Test_Event_ReturnView" />
    </UnitTest>
    <UnitTest name="Test_PasswordChangeOk_ReturnView" storage="c:\users\glory\documents\github\carpool\carpoolsystem.tests\bin\debug\carpoolsystem.tests.dll" id="29d92cf9-f432-a0b6-0159-38cb9d7bf1b5">
      <Execution id="259822c0-ba47-46f9-8eec-d00272597afe" />
      <TestMethod codeBase="C:/Users/Glory/Documents/GitHub/Carpool/CarpoolSystem.Tests/bin/Debug/CarpoolSystem.Tests.DLL" adapterTypeName="Microsoft.VisualStudio.TestTools.TestTypes.Unit.UnitTestAdapter, Microsoft.VisualStudio.QualityTools.Tips.UnitTest.Adapter, Version=10.0.0.0, Culture=neutral, PublicKeyToken=b03f5f7f11d50a3a" className="CarpoolSystem.Tests.AccountControllerTest, CarpoolSystem.Tests, Version=1.0.0.0, Culture=neutral, PublicKeyToken=null" name="Test_PasswordChangeOk_ReturnView" />
    </UnitTest>
    <UnitTest name="Test_Registration_ReturnView" storage="c:\users\glory\documents\github\carpool\carpoolsystem.tests\bin\debug\carpoolsystem.tests.dll" id="dd2171bc-4fa0-469d-00a5-8bf8946c3e04">
      <Execution id="1f8a9146-a3d8-42a3-8531-1740ea15e025" />
      <TestMethod codeBase="C:/Users/Glory/Documents/GitHub/Carpool/CarpoolSystem.Tests/bin/Debug/CarpoolSystem.Tests.DLL" adapterTypeName="Microsoft.VisualStudio.TestTools.TestTypes.Unit.UnitTestAdapter, Microsoft.VisualStudio.QualityTools.Tips.UnitTest.Adapter, Version=10.0.0.0, Culture=neutral, PublicKeyToken=b03f5f7f11d50a3a" className="CarpoolSystem.Tests.AccountControllerTest, CarpoolSystem.Tests, Version=1.0.0.0, Culture=neutral, PublicKeyToken=null" name="Test_Registration_ReturnView" />
    </UnitTest>
    <UnitTest name="Test_Event_ModelState_Invalid" storage="c:\users\glory\documents\github\carpool\carpoolsystem.tests\bin\debug\carpoolsystem.tests.dll" id="5a8a0495-1b72-7ab2-c36d-a8bba3765d1e">
      <Execution id="24429b9b-7c6f-4fca-930e-97b18c84594c" />
      <TestMethod codeBase="C:/Users/Glory/Documents/GitHub/Carpool/CarpoolSystem.Tests/bin/Debug/CarpoolSystem.Tests.DLL" adapterTypeName="Microsoft.VisualStudio.TestTools.TestTypes.Unit.UnitTestAdapter, Microsoft.VisualStudio.QualityTools.Tips.UnitTest.Adapter, Version=10.0.0.0, Culture=neutral, PublicKeyToken=b03f5f7f11d50a3a" className="CarpoolSystem.Tests.HomeControllerTest, CarpoolSystem.Tests, Version=1.0.0.0, Culture=neutral, PublicKeyToken=null" name="Test_Event_ModelState_Invalid" />
    </UnitTest>
    <UnitTest name="Test_Profile_ReturnView" storage="c:\users\glory\documents\github\carpool\carpoolsystem.tests\bin\debug\carpoolsystem.tests.dll" id="b6ce8f95-61d2-2173-8797-88edd1497619">
      <Execution id="b7aa5557-bd6d-4e82-bddf-36bea65a66fe" />
      <TestMethod codeBase="C:/Users/Glory/Documents/GitHub/Carpool/CarpoolSystem.Tests/bin/Debug/CarpoolSystem.Tests.DLL" adapterTypeName="Microsoft.VisualStudio.TestTools.TestTypes.Unit.UnitTestAdapter, Microsoft.VisualStudio.QualityTools.Tips.UnitTest.Adapter, Version=10.0.0.0, Culture=neutral, PublicKeyToken=b03f5f7f11d50a3a" className="CarpoolSystem.Tests.AccountControllerTest, CarpoolSystem.Tests, Version=1.0.0.0, Culture=neutral, PublicKeyToken=null" name="Test_Profile_ReturnView" />
    </UnitTest>
    <UnitTest name="Test_ChangePassword_Mismatch_Invalid_Post" storage="c:\users\glory\documents\github\carpool\carpoolsystem.tests\bin\debug\carpoolsystem.tests.dll" id="b4c2dcaa-15e0-8ff7-7e32-754b71dc30de">
      <Execution id="6af87d83-7e75-405b-8738-9bd87807cc88" />
      <TestMethod codeBase="C:/Users/Glory/Documents/GitHub/Carpool/CarpoolSystem.Tests/bin/Debug/CarpoolSystem.Tests.DLL" adapterTypeName="Microsoft.VisualStudio.TestTools.TestTypes.Unit.UnitTestAdapter, Microsoft.VisualStudio.QualityTools.Tips.UnitTest.Adapter, Version=10.0.0.0, Culture=neutral, PublicKeyToken=b03f5f7f11d50a3a" className="CarpoolSystem.Tests.AccountControllerTest, CarpoolSystem.Tests, Version=1.0.0.0, Culture=neutral, PublicKeyToken=null" name="Test_ChangePassword_Mismatch_Invalid_Post" />
    </UnitTest>
    <UnitTest name="Test_ChangePassword_ReturnView" storage="c:\users\glory\documents\github\carpool\carpoolsystem.tests\bin\debug\carpoolsystem.tests.dll" id="92f40d24-77c6-1528-f717-4ede891619da">
      <Execution id="d32c532d-9fa4-4115-ae91-ad93321e1479" />
      <TestMethod codeBase="C:/Users/Glory/Documents/GitHub/Carpool/CarpoolSystem.Tests/bin/Debug/CarpoolSystem.Tests.DLL" adapterTypeName="Microsoft.VisualStudio.TestTools.TestTypes.Unit.UnitTestAdapter, Microsoft.VisualStudio.QualityTools.Tips.UnitTest.Adapter, Version=10.0.0.0, Culture=neutral, PublicKeyToken=b03f5f7f11d50a3a" className="CarpoolSystem.Tests.AccountControllerTest, CarpoolSystem.Tests, Version=1.0.0.0, Culture=neutral, PublicKeyToken=null" name="Test_ChangePassword_ReturnView" />
    </UnitTest>
    <UnitTest name="Test_PasswordRetrieval_ReturnView" storage="c:\users\glory\documents\github\carpool\carpoolsystem.tests\bin\debug\carpoolsystem.tests.dll" id="c774fbd0-ec6a-6ba1-2a9f-dab886deaf56">
      <Execution id="27f5a202-2a22-47e5-8d8c-56062511883f" />
      <TestMethod codeBase="C:/Users/Glory/Documents/GitHub/Carpool/CarpoolSystem.Tests/bin/Debug/CarpoolSystem.Tests.DLL" adapterTypeName="Microsoft.VisualStudio.TestTools.TestTypes.Unit.UnitTestAdapter, Microsoft.VisualStudio.QualityTools.Tips.UnitTest.Adapter, Version=10.0.0.0, Culture=neutral, PublicKeyToken=b03f5f7f11d50a3a" className="CarpoolSystem.Tests.AccountControllerTest, CarpoolSystem.Tests, Version=1.0.0.0, Culture=neutral, PublicKeyToken=null" name="Test_PasswordRetrieval_ReturnView" />
    </UnitTest>
    <UnitTest name="Test_Login_ReturnView" storage="c:\users\glory\documents\github\carpool\carpoolsystem.tests\bin\debug\carpoolsystem.tests.dll" id="c11acf36-e8bc-9520-4582-7c2365e061ad">
      <Execution id="82c09462-2baf-41a0-9896-b020b9a8992f" />
      <TestMethod codeBase="C:/Users/Glory/Documents/GitHub/Carpool/CarpoolSystem.Tests/bin/Debug/CarpoolSystem.Tests.DLL" adapterTypeName="Microsoft.VisualStudio.TestTools.TestTypes.Unit.UnitTestAdapter, Microsoft.VisualStudio.QualityTools.Tips.UnitTest.Adapter, Version=10.0.0.0, Culture=neutral, PublicKeyToken=b03f5f7f11d50a3a" className="CarpoolSystem.Tests.AccountControllerTest, CarpoolSystem.Tests, Version=1.0.0.0, Culture=neutral, PublicKeyToken=null" name="Test_Login_ReturnView" />
    </UnitTest>
  </TestDefinitions>
  <TestLists>
    <TestList name="Results Not in a List" id="8c84fa94-04c1-424b-9868-57a2d4851a1d" />
    <TestList name="All Loaded Results" id="19431567-8539-422a-85d7-44ee4e166bda" />
  </TestLists>
  <TestEntries>
    <TestEntry testId="29d92cf9-f432-a0b6-0159-38cb9d7bf1b5" executionId="259822c0-ba47-46f9-8eec-d00272597afe" testListId="8c84fa94-04c1-424b-9868-57a2d4851a1d" />
    <TestEntry testId="5a8a0495-1b72-7ab2-c36d-a8bba3765d1e" executionId="24429b9b-7c6f-4fca-930e-97b18c84594c" testListId="8c84fa94-04c1-424b-9868-57a2d4851a1d" />
    <TestEntry testId="92f40d24-77c6-1528-f717-4ede891619da" executionId="d32c532d-9fa4-4115-ae91-ad93321e1479" testListId="8c84fa94-04c1-424b-9868-57a2d4851a1d" />
    <TestEntry testId="b4c2dcaa-15e0-8ff7-7e32-754b71dc30de" executionId="6af87d83-7e75-405b-8738-9bd87807cc88" testListId="8c84fa94-04c1-424b-9868-57a2d4851a1d" />
    <TestEntry testId="b6ce8f95-61d2-2173-8797-88edd1497619" executionId="b7aa5557-bd6d-4e82-bddf-36bea65a66fe" testListId="8c84fa94-04c1-424b-9868-57a2d4851a1d" />
    <TestEntry testId="c11acf36-e8bc-9520-4582-7c2365e061ad" executionId="82c09462-2baf-41a0-9896-b020b9a8992f" testListId="8c84fa94-04c1-424b-9868-57a2d4851a1d" />
    <TestEntry testId="c774fbd0-ec6a-6ba1-2a9f-dab886deaf56" executionId="27f5a202-2a22-47e5-8d8c-56062511883f" testListId="8c84fa94-04c1-424b-9868-57a2d4851a1d" />
    <TestEntry testId="dd2171bc-4fa0-469d-00a5-8bf8946c3e04" executionId="1f8a9146-a3d8-42a3-8531-1740ea15e025" testListId="8c84fa94-04c1-424b-9868-57a2d4851a1d" />
    <TestEntry testId="e0756e2a-d4a0-519e-5273-b1aa054908a5" executionId="9a019d78-19dd-476b-9750-b955031c1ec0" testListId="8c84fa94-04c1-424b-9868-57a2d4851a1d" />
  </TestEntries>
  <Results>
    <UnitTestResult executionId="259822c0-ba47-46f9-8eec-d00272597afe" testId="29d92cf9-f432-a0b6-0159-38cb9d7bf1b5" testName="Test_PasswordChangeOk_ReturnView" computerName="GLORY-PC" duration="00:00:00.0215506" startTime="2014-04-09T16:39:34.1312435-05:00" endTime="2014-04-09T16:39:34.3712572-05:00" testType="13cdc9d9-ddb5-4fa4-a97d-d965ccfc6d4b" outcome="Passed" testListId="8c84fa94-04c1-424b-9868-57a2d4851a1d" relativeResultsDirectory="259822c0-ba47-46f9-8eec-d00272597afe">
    </UnitTestResult>
    <UnitTestResult executionId="24429b9b-7c6f-4fca-930e-97b18c84594c" testId="5a8a0495-1b72-7ab2-c36d-a8bba3765d1e" testName="Test_Event_ModelState_Invalid" computerName="GLORY-PC" duration="00:00:00.2554808" startTime="2014-04-09T16:39:34.3732574-05:00" endTime="2014-04-09T16:39:34.6322722-05:00" testType="13cdc9d9-ddb5-4fa4-a97d-d965ccfc6d4b" outcome="Passed" testListId="8c84fa94-04c1-424b-9868-57a2d4851a1d" relativeResultsDirectory="24429b9b-7c6f-4fca-930e-97b18c84594c">
    </UnitTestResult>
    <UnitTestResult executionId="d32c532d-9fa4-4115-ae91-ad93321e1479" testId="92f40d24-77c6-1528-f717-4ede891619da" testName="Test_ChangePassword_ReturnView" computerName="GLORY-PC" duration="00:00:00.0005098" startTime="2014-04-09T16:39:34.6352723-05:00" endTime="2014-04-09T16:39:34.6392726-05:00" testType="13cdc9d9-ddb5-4fa4-a97d-d965ccfc6d4b" outcome="Passed" testListId="8c84fa94-04c1-424b-9868-57a2d4851a1d" relativeResultsDirectory="d32c532d-9fa4-4115-ae91-ad93321e1479">
    </UnitTestResult>
    <UnitTestResult executionId="6af87d83-7e75-405b-8738-9bd87807cc88" testId="b4c2dcaa-15e0-8ff7-7e32-754b71dc30de" testName="Test_ChangePassword_Mismatch_Invalid_Post" computerName="GLORY-PC" duration="00:00:00.0483474" startTime="2014-04-09T16:39:34.6412727-05:00" endTime="2014-04-09T16:39:34.6922756-05:00" testType="13cdc9d9-ddb5-4fa4-a97d-d965ccfc6d4b" outcome="Passed" testListId="8c84fa94-04c1-424b-9868-57a2d4851a1d" relativeResultsDirectory="6af87d83-7e75-405b-8738-9bd87807cc88">
    </UnitTestResult>
    <UnitTestResult executionId="b7aa5557-bd6d-4e82-bddf-36bea65a66fe" testId="b6ce8f95-61d2-2173-8797-88edd1497619" testName="Test_Profile_ReturnView" computerName="GLORY-PC" duration="00:00:00.1243061" startTime="2014-04-09T16:39:34.6932757-05:00" endTime="2014-04-09T16:39:34.8212830-05:00" testType="13cdc9d9-ddb5-4fa4-a97d-d965ccfc6d4b" outcome="Failed" testListId="8c84fa94-04c1-424b-9868-57a2d4851a1d" relativeResultsDirectory="b7aa5557-bd6d-4e82-bddf-36bea65a66fe">
      <Output>
        <ErrorInfo>
          <Message>Test method CarpoolSystem.Tests.AccountControllerTest.Test_Profile_ReturnView threw exception: 
System.NullReferenceException: Object reference not set to an instance of an object.</Message>
          <StackTrace>    at CarpoolSystem.Controllers.AccountController.Profile() in C:\Users\Glory\Documents\GitHub\Carpool\CarpoolSystem\Controllers\AccountController.cs:line 119
   at CarpoolSystem.Tests.AccountControllerTest.Test_Profile_ReturnView() in C:\Users\Glory\Documents\GitHub\Carpool\CarpoolSystem.Tests\AccountControllerTest.cs:line 51
</StackTrace>
        </ErrorInfo>
      </Output>
    </UnitTestResult>
    <UnitTestResult executionId="82c09462-2baf-41a0-9896-b020b9a8992f" testId="c11acf36-e8bc-9520-4582-7c2365e061ad" testName="Test_Login_ReturnView" computerName="GLORY-PC" duration="00:00:00.0004084" startTime="2014-04-09T16:39:34.8222830-05:00" endTime="2014-04-09T16:39:34.8262833-05:00" testType="13cdc9d9-ddb5-4fa4-a97d-d965ccfc6d4b" outcome="Passed" testListId="8c84fa94-04c1-424b-9868-57a2d4851a1d" relativeResultsDirectory="82c09462-2baf-41a0-9896-b020b9a8992f">
    </UnitTestResult>
    <UnitTestResult executionId="27f5a202-2a22-47e5-8d8c-56062511883f" testId="c774fbd0-ec6a-6ba1-2a9f-dab886deaf56" testName="Test_PasswordRetrieval_ReturnView" computerName="GLORY-PC" duration="00:00:00.0003999" startTime="2014-04-09T16:39:34.8282834-05:00" endTime="2014-04-09T16:39:34.8322836-05:00" testType="13cdc9d9-ddb5-4fa4-a97d-d965ccfc6d4b" outcome="Passed" testListId="8c84fa94-04c1-424b-9868-57a2d4851a1d" relativeResultsDirectory="27f5a202-2a22-47e5-8d8c-56062511883f">
    </UnitTestResult>
    <UnitTestResult executionId="1f8a9146-a3d8-42a3-8531-1740ea15e025" testId="dd2171bc-4fa0-469d-00a5-8bf8946c3e04" testName="Test_Registration_ReturnView" computerName="GLORY-PC" duration="00:00:00.0004042" startTime="2014-04-09T16:39:34.8342837-05:00" endTime="2014-04-09T16:39:34.8382840-05:00" testType="13cdc9d9-ddb5-4fa4-a97d-d965ccfc6d4b" outcome="Passed" testListId="8c84fa94-04c1-424b-9868-57a2d4851a1d" relativeResultsDirectory="1f8a9146-a3d8-42a3-8531-1740ea15e025">
    </UnitTestResult>
    <UnitTestResult executionId="9a019d78-19dd-476b-9750-b955031c1ec0" testId="e0756e2a-d4a0-519e-5273-b1aa054908a5" testName="Test_Event_ReturnView" computerName="GLORY-PC" duration="00:00:00.0003952" startTime="2014-04-09T16:39:34.8402841-05:00" endTime="2014-04-09T16:39:34.8432842-05:00" testType="13cdc9d9-ddb5-4fa4-a97d-d965ccfc6d4b" outcome="Passed" testListId="8c84fa94-04c1-424b-9868-57a2d4851a1d" relativeResultsDirectory="9a019d78-19dd-476b-9750-b955031c1ec0">
    </UnitTestResult>
  </Results>
</TestRun>