<?xml version="1.0" encoding="UTF-8"?>
<TestRun id="6132e0f9-b179-4562-8ffd-2bff243e6a34" name="Glory@GLORY-PC 2014-04-07 17:55:38" runUser="Glory-PC\Glory" xmlns="http://microsoft.com/schemas/VisualStudio/TeamTest/2010">
  <TestSettings name="Default Test Settings" id="7ac9fe0a-08bc-4774-a074-bfacea605cab">
    <Deployment runDeploymentRoot="Glory_GLORY-PC 2014-04-07 17_55_38">
      <DeploymentItem filename="C:\Users\Glory\Documents\GitHub\Carpool\CarpoolSystem\bin\CarpoolSystem.dll" />
      <DeploymentItem filename="C:\Users\Glory\Documents\GitHub\Carpool\packages\Moq.4.2.1402.2112\lib\net40\Moq.dll" />
      <DeploymentItem filename="C:\Users\Glory\Documents\GitHub\Carpool\packages\SimpleCrypto.0.3.30.26\lib\SimpleCrypto.dll" />
    </Deployment>
    <Execution>
      <TestTypeSpecific />
      <AgentRule name="Execution Agents">
      </AgentRule>
    </Execution>
  </TestSettings>
  <Times creation="2014-04-07T17:55:38.6562649-05:00" queuing="2014-04-07T17:55:46.3137029-05:00" start="2014-04-07T17:55:46.6567225-05:00" finish="2014-04-07T17:56:27.8950812-05:00" />
  <ResultSummary outcome="Error">
    <Counters total="9" executed="3" passed="2" error="0" failed="0" timeout="0" aborted="1" inconclusive="0" passedButRunAborted="0" notRunnable="0" notExecuted="6" disconnected="0" warning="0" completed="0" inProgress="0" pending="0" />
    <RunInfos>
      <RunInfo computerName="GLORY-PC" outcome="Error" timestamp="2014-04-07T17:56:27.8860807-05:00">
        <Text>Test host process exited unexpectedly.</Text>
      </RunInfo>
    </RunInfos>
  </ResultSummary>
  <TestDefinitions>
    <UnitTest name="Test_Event_ReturnView" storage="c:\users\glory\documents\github\carpool\carpoolsystem.tests\bin\debug\carpoolsystem.tests.dll" id="e0756e2a-d4a0-519e-5273-b1aa054908a5">
      <Execution id="0fd08493-c34b-402b-8bb5-bd5b97d3e254" />
      <TestMethod codeBase="C:/Users/Glory/Documents/GitHub/Carpool/CarpoolSystem.Tests/bin/Debug/CarpoolSystem.Tests.DLL" adapterTypeName="Microsoft.VisualStudio.TestTools.TestTypes.Unit.UnitTestAdapter, Microsoft.VisualStudio.QualityTools.Tips.UnitTest.Adapter, Version=10.0.0.0, Culture=neutral, PublicKeyToken=b03f5f7f11d50a3a" className="CarpoolSystem.Tests.HomeControllerTest, CarpoolSystem.Tests, Version=1.0.0.0, Culture=neutral, PublicKeyToken=null" name="Test_Event_ReturnView" />
    </UnitTest>
    <UnitTest name="Test_PasswordChangeOk_ReturnView" storage="c:\users\glory\documents\github\carpool\carpoolsystem.tests\bin\debug\carpoolsystem.tests.dll" id="29d92cf9-f432-a0b6-0159-38cb9d7bf1b5">
      <Execution id="07931d14-dda9-4415-880b-eac88dec3cf8" />
      <TestMethod codeBase="C:/Users/Glory/Documents/GitHub/Carpool/CarpoolSystem.Tests/bin/Debug/CarpoolSystem.Tests.DLL" adapterTypeName="Microsoft.VisualStudio.TestTools.TestTypes.Unit.UnitTestAdapter, Microsoft.VisualStudio.QualityTools.Tips.UnitTest.Adapter, Version=10.0.0.0, Culture=neutral, PublicKeyToken=b03f5f7f11d50a3a" className="CarpoolSystem.Tests.AccountControllerTest, CarpoolSystem.Tests, Version=1.0.0.0, Culture=neutral, PublicKeyToken=null" name="Test_PasswordChangeOk_ReturnView" />
    </UnitTest>
    <UnitTest name="Test_ChangePassword_Mismatch_Invalid_Post" storage="c:\users\glory\documents\github\carpool\carpoolsystem.tests\bin\debug\carpoolsystem.tests.dll" id="b4c2dcaa-15e0-8ff7-7e32-754b71dc30de">
      <Execution id="782fdaba-3551-4b1d-bc40-a3ad9fb9febb" />
      <TestMethod codeBase="C:/Users/Glory/Documents/GitHub/Carpool/CarpoolSystem.Tests/bin/Debug/CarpoolSystem.Tests.DLL" adapterTypeName="Microsoft.VisualStudio.TestTools.TestTypes.Unit.UnitTestAdapter, Microsoft.VisualStudio.QualityTools.Tips.UnitTest.Adapter, Version=10.0.0.0, Culture=neutral, PublicKeyToken=b03f5f7f11d50a3a" className="CarpoolSystem.Tests.AccountControllerTest, CarpoolSystem.Tests, Version=1.0.0.0, Culture=neutral, PublicKeyToken=null" name="Test_ChangePassword_Mismatch_Invalid_Post" />
    </UnitTest>
    <UnitTest name="Test_Registration_ReturnView" storage="c:\users\glory\documents\github\carpool\carpoolsystem.tests\bin\debug\carpoolsystem.tests.dll" id="dd2171bc-4fa0-469d-00a5-8bf8946c3e04">
      <Execution id="f84a4358-52dd-40ca-83bc-dc479afe6032" />
      <TestMethod codeBase="C:/Users/Glory/Documents/GitHub/Carpool/CarpoolSystem.Tests/bin/Debug/CarpoolSystem.Tests.DLL" adapterTypeName="Microsoft.VisualStudio.TestTools.TestTypes.Unit.UnitTestAdapter, Microsoft.VisualStudio.QualityTools.Tips.UnitTest.Adapter, Version=10.0.0.0, Culture=neutral, PublicKeyToken=b03f5f7f11d50a3a" className="CarpoolSystem.Tests.AccountControllerTest, CarpoolSystem.Tests, Version=1.0.0.0, Culture=neutral, PublicKeyToken=null" name="Test_Registration_ReturnView" />
    </UnitTest>
    <UnitTest name="Test_PasswordRetrieval_ReturnView" storage="c:\users\glory\documents\github\carpool\carpoolsystem.tests\bin\debug\carpoolsystem.tests.dll" id="c774fbd0-ec6a-6ba1-2a9f-dab886deaf56">
      <Execution id="eec366c6-2dff-4885-92d0-48fe212f6818" />
      <TestMethod codeBase="C:/Users/Glory/Documents/GitHub/Carpool/CarpoolSystem.Tests/bin/Debug/CarpoolSystem.Tests.DLL" adapterTypeName="Microsoft.VisualStudio.TestTools.TestTypes.Unit.UnitTestAdapter, Microsoft.VisualStudio.QualityTools.Tips.UnitTest.Adapter, Version=10.0.0.0, Culture=neutral, PublicKeyToken=b03f5f7f11d50a3a" className="CarpoolSystem.Tests.AccountControllerTest, CarpoolSystem.Tests, Version=1.0.0.0, Culture=neutral, PublicKeyToken=null" name="Test_PasswordRetrieval_ReturnView" />
    </UnitTest>
    <UnitTest name="Test_ChangePassword_ReturnView" storage="c:\users\glory\documents\github\carpool\carpoolsystem.tests\bin\debug\carpoolsystem.tests.dll" id="92f40d24-77c6-1528-f717-4ede891619da">
      <Execution id="a6e0a4c2-eb74-435d-b3c7-94822b7abf31" />
      <TestMethod codeBase="C:/Users/Glory/Documents/GitHub/Carpool/CarpoolSystem.Tests/bin/Debug/CarpoolSystem.Tests.DLL" adapterTypeName="Microsoft.VisualStudio.TestTools.TestTypes.Unit.UnitTestAdapter, Microsoft.VisualStudio.QualityTools.Tips.UnitTest.Adapter, Version=10.0.0.0, Culture=neutral, PublicKeyToken=b03f5f7f11d50a3a" className="CarpoolSystem.Tests.AccountControllerTest, CarpoolSystem.Tests, Version=1.0.0.0, Culture=neutral, PublicKeyToken=null" name="Test_ChangePassword_ReturnView" />
    </UnitTest>
    <UnitTest name="Test_Profile_ReturnView" storage="c:\users\glory\documents\github\carpool\carpoolsystem.tests\bin\debug\carpoolsystem.tests.dll" id="b6ce8f95-61d2-2173-8797-88edd1497619">
      <Execution id="caa4a1be-5473-4291-b000-20fb42ab1fe5" />
      <TestMethod codeBase="C:/Users/Glory/Documents/GitHub/Carpool/CarpoolSystem.Tests/bin/Debug/CarpoolSystem.Tests.DLL" adapterTypeName="Microsoft.VisualStudio.TestTools.TestTypes.Unit.UnitTestAdapter, Microsoft.VisualStudio.QualityTools.Tips.UnitTest.Adapter, Version=10.0.0.0, Culture=neutral, PublicKeyToken=b03f5f7f11d50a3a" className="CarpoolSystem.Tests.AccountControllerTest, CarpoolSystem.Tests, Version=1.0.0.0, Culture=neutral, PublicKeyToken=null" name="Test_Profile_ReturnView" />
    </UnitTest>
    <UnitTest name="Test_Login_ReturnView" storage="c:\users\glory\documents\github\carpool\carpoolsystem.tests\bin\debug\carpoolsystem.tests.dll" id="c11acf36-e8bc-9520-4582-7c2365e061ad">
      <Execution id="44e29aee-b355-49bc-ae40-adcb59496585" />
      <TestMethod codeBase="C:/Users/Glory/Documents/GitHub/Carpool/CarpoolSystem.Tests/bin/Debug/CarpoolSystem.Tests.DLL" adapterTypeName="Microsoft.VisualStudio.TestTools.TestTypes.Unit.UnitTestAdapter, Microsoft.VisualStudio.QualityTools.Tips.UnitTest.Adapter, Version=10.0.0.0, Culture=neutral, PublicKeyToken=b03f5f7f11d50a3a" className="CarpoolSystem.Tests.AccountControllerTest, CarpoolSystem.Tests, Version=1.0.0.0, Culture=neutral, PublicKeyToken=null" name="Test_Login_ReturnView" />
    </UnitTest>
    <UnitTest name="Test_Event_ModelState_Invalid" storage="c:\users\glory\documents\github\carpool\carpoolsystem.tests\bin\debug\carpoolsystem.tests.dll" id="5a8a0495-1b72-7ab2-c36d-a8bba3765d1e">
      <Execution id="a7d8b69a-e0e7-4a9f-9327-53a904a3daf3" />
      <TestMethod codeBase="C:/Users/Glory/Documents/GitHub/Carpool/CarpoolSystem.Tests/bin/Debug/CarpoolSystem.Tests.DLL" adapterTypeName="Microsoft.VisualStudio.TestTools.TestTypes.Unit.UnitTestAdapter, Microsoft.VisualStudio.QualityTools.Tips.UnitTest.Adapter, Version=10.0.0.0, Culture=neutral, PublicKeyToken=b03f5f7f11d50a3a" className="CarpoolSystem.Tests.HomeControllerTest, CarpoolSystem.Tests, Version=1.0.0.0, Culture=neutral, PublicKeyToken=null" name="Test_Event_ModelState_Invalid" />
    </UnitTest>
  </TestDefinitions>
  <TestLists>
    <TestList name="Results Not in a List" id="8c84fa94-04c1-424b-9868-57a2d4851a1d" />
    <TestList name="All Loaded Results" id="19431567-8539-422a-85d7-44ee4e166bda" />
  </TestLists>
  <TestEntries>
    <TestEntry testId="c11acf36-e8bc-9520-4582-7c2365e061ad" executionId="44e29aee-b355-49bc-ae40-adcb59496585" testListId="8c84fa94-04c1-424b-9868-57a2d4851a1d" />
    <TestEntry testId="dd2171bc-4fa0-469d-00a5-8bf8946c3e04" executionId="f84a4358-52dd-40ca-83bc-dc479afe6032" testListId="8c84fa94-04c1-424b-9868-57a2d4851a1d" />
    <TestEntry testId="b6ce8f95-61d2-2173-8797-88edd1497619" executionId="caa4a1be-5473-4291-b000-20fb42ab1fe5" testListId="8c84fa94-04c1-424b-9868-57a2d4851a1d" />
    <TestEntry testId="29d92cf9-f432-a0b6-0159-38cb9d7bf1b5" executionId="07931d14-dda9-4415-880b-eac88dec3cf8" testListId="8c84fa94-04c1-424b-9868-57a2d4851a1d" />
    <TestEntry testId="c774fbd0-ec6a-6ba1-2a9f-dab886deaf56" executionId="eec366c6-2dff-4885-92d0-48fe212f6818" testListId="8c84fa94-04c1-424b-9868-57a2d4851a1d" />
    <TestEntry testId="92f40d24-77c6-1528-f717-4ede891619da" executionId="a6e0a4c2-eb74-435d-b3c7-94822b7abf31" testListId="8c84fa94-04c1-424b-9868-57a2d4851a1d" />
    <TestEntry testId="b4c2dcaa-15e0-8ff7-7e32-754b71dc30de" executionId="782fdaba-3551-4b1d-bc40-a3ad9fb9febb" testListId="8c84fa94-04c1-424b-9868-57a2d4851a1d" />
    <TestEntry testId="5a8a0495-1b72-7ab2-c36d-a8bba3765d1e" executionId="a7d8b69a-e0e7-4a9f-9327-53a904a3daf3" testListId="8c84fa94-04c1-424b-9868-57a2d4851a1d" />
    <TestEntry testId="e0756e2a-d4a0-519e-5273-b1aa054908a5" executionId="0fd08493-c34b-402b-8bb5-bd5b97d3e254" testListId="8c84fa94-04c1-424b-9868-57a2d4851a1d" />
  </TestEntries>
  <Results>
    <UnitTestResult executionId="44e29aee-b355-49bc-ae40-adcb59496585" testId="c11acf36-e8bc-9520-4582-7c2365e061ad" testName="Test_Login_ReturnView" computerName="GLORY-PC" duration="00:00:00.2025236" startTime="2014-04-07T17:55:46.8447333-05:00" endTime="2014-04-07T17:55:48.1868101-05:00" testType="13cdc9d9-ddb5-4fa4-a97d-d965ccfc6d4b" outcome="Passed" testListId="8c84fa94-04c1-424b-9868-57a2d4851a1d" relativeResultsDirectory="44e29aee-b355-49bc-ae40-adcb59496585">
    </UnitTestResult>
    <UnitTestResult executionId="f84a4358-52dd-40ca-83bc-dc479afe6032" testId="dd2171bc-4fa0-469d-00a5-8bf8946c3e04" testName="Test_Registration_ReturnView" computerName="GLORY-PC" duration="00:00:00.0004833" startTime="2014-04-07T17:55:48.2088113-05:00" endTime="2014-04-07T17:55:48.2198119-05:00" testType="13cdc9d9-ddb5-4fa4-a97d-d965ccfc6d4b" outcome="Passed" testListId="8c84fa94-04c1-424b-9868-57a2d4851a1d" relativeResultsDirectory="f84a4358-52dd-40ca-83bc-dc479afe6032">
    </UnitTestResult>
    <UnitTestResult executionId="caa4a1be-5473-4291-b000-20fb42ab1fe5" testId="b6ce8f95-61d2-2173-8797-88edd1497619" testName="Test_Profile_ReturnView" computerName="GLORY-PC" duration="00:00:39.6662688" startTime="2014-04-07T17:55:48.2278124-05:00" endTime="2014-04-07T17:56:27.8940812-05:00" testType="13cdc9d9-ddb5-4fa4-a97d-d965ccfc6d4b" outcome="Aborted" testListId="8c84fa94-04c1-424b-9868-57a2d4851a1d" relativeResultsDirectory="caa4a1be-5473-4291-b000-20fb42ab1fe5">
    </UnitTestResult>
    <UnitTestResult executionId="07931d14-dda9-4415-880b-eac88dec3cf8" testId="29d92cf9-f432-a0b6-0159-38cb9d7bf1b5" testName="Test_PasswordChangeOk_ReturnView" computerName="GLORY-PC" testType="13cdc9d9-ddb5-4fa4-a97d-d965ccfc6d4b" outcome="NotExecuted" testListId="8c84fa94-04c1-424b-9868-57a2d4851a1d" relativeResultsDirectory="07931d14-dda9-4415-880b-eac88dec3cf8">
    </UnitTestResult>
    <UnitTestResult executionId="eec366c6-2dff-4885-92d0-48fe212f6818" testId="c774fbd0-ec6a-6ba1-2a9f-dab886deaf56" testName="Test_PasswordRetrieval_ReturnView" computerName="GLORY-PC" testType="13cdc9d9-ddb5-4fa4-a97d-d965ccfc6d4b" outcome="NotExecuted" testListId="8c84fa94-04c1-424b-9868-57a2d4851a1d" relativeResultsDirectory="eec366c6-2dff-4885-92d0-48fe212f6818">
    </UnitTestResult>
    <UnitTestResult executionId="a6e0a4c2-eb74-435d-b3c7-94822b7abf31" testId="92f40d24-77c6-1528-f717-4ede891619da" testName="Test_ChangePassword_ReturnView" computerName="GLORY-PC" testType="13cdc9d9-ddb5-4fa4-a97d-d965ccfc6d4b" outcome="NotExecuted" testListId="8c84fa94-04c1-424b-9868-57a2d4851a1d" relativeResultsDirectory="a6e0a4c2-eb74-435d-b3c7-94822b7abf31">
    </UnitTestResult>
    <UnitTestResult executionId="782fdaba-3551-4b1d-bc40-a3ad9fb9febb" testId="b4c2dcaa-15e0-8ff7-7e32-754b71dc30de" testName="Test_ChangePassword_Mismatch_Invalid_Post" computerName="GLORY-PC" testType="13cdc9d9-ddb5-4fa4-a97d-d965ccfc6d4b" outcome="NotExecuted" testListId="8c84fa94-04c1-424b-9868-57a2d4851a1d" relativeResultsDirectory="782fdaba-3551-4b1d-bc40-a3ad9fb9febb">
    </UnitTestResult>
    <UnitTestResult executionId="a7d8b69a-e0e7-4a9f-9327-53a904a3daf3" testId="5a8a0495-1b72-7ab2-c36d-a8bba3765d1e" testName="Test_Event_ModelState_Invalid" computerName="GLORY-PC" testType="13cdc9d9-ddb5-4fa4-a97d-d965ccfc6d4b" outcome="NotExecuted" testListId="8c84fa94-04c1-424b-9868-57a2d4851a1d" relativeResultsDirectory="a7d8b69a-e0e7-4a9f-9327-53a904a3daf3">
    </UnitTestResult>
    <UnitTestResult executionId="0fd08493-c34b-402b-8bb5-bd5b97d3e254" testId="e0756e2a-d4a0-519e-5273-b1aa054908a5" testName="Test_Event_ReturnView" computerName="GLORY-PC" testType="13cdc9d9-ddb5-4fa4-a97d-d965ccfc6d4b" outcome="NotExecuted" testListId="8c84fa94-04c1-424b-9868-57a2d4851a1d" relativeResultsDirectory="0fd08493-c34b-402b-8bb5-bd5b97d3e254">
    </UnitTestResult>
  </Results>
</TestRun>