<?xml version="1.0" encoding="UTF-8"?>
<TestRun id="d529f50d-5875-4b2f-a077-84bb4bbd5141" name="Kevin@KEVIN-PC 2014-04-07 01:26:47" runUser="Kevin-PC\Kevin" xmlns="http://microsoft.com/schemas/VisualStudio/TeamTest/2010">
  <TestSettings name="Default Test Settings" id="059438fe-0f0d-4743-bca2-2f0b38b67795">
    <Deployment runDeploymentRoot="Kevin_KEVIN-PC 2014-04-07 01_26_47">
      <DeploymentItem filename="C:\Users\Kevin\Desktop\Git stuff, save save save\Git\home\kevin\Carpool\CarpoolSystem\bin\CarpoolSystem.dll" />
      <DeploymentItem filename="C:\Users\Kevin\Desktop\Git stuff, save save save\Git\home\kevin\Carpool\packages\Moq.4.2.1402.2112\lib\net40\Moq.dll" />
      <DeploymentItem filename="C:\Users\Kevin\Desktop\Git stuff, save save save\Git\home\kevin\Carpool\packages\SimpleCrypto.0.3.30.26\lib\SimpleCrypto.dll" />
    </Deployment>
    <Execution>
      <TestTypeSpecific />
      <AgentRule name="Execution Agents">
      </AgentRule>
    </Execution>
  </TestSettings>
  <Times creation="2014-04-07T01:26:47.2353515-05:00" queuing="2014-04-07T01:26:47.9267578-05:00" start="2014-04-07T01:26:48.0068359-05:00" finish="2014-04-07T01:28:05.1562500-05:00" />
  <ResultSummary outcome="Error">
    <Counters total="1" error="0" failed="0" timeout="0" aborted="0" inconclusive="0" passedButRunAborted="0" notRunnable="0" notExecuted="1" disconnected="0" warning="0" passed="0" completed="0" inProgress="0" pending="0" />
    <RunInfos>
      <RunInfo computerName="KEVIN-PC" outcome="Error" timestamp="2014-04-07T01:28:05.1562500-05:00">
        <Text>Test host process exited unexpectedly.</Text>
      </RunInfo>
    </RunInfos>
  </ResultSummary>
  <TestDefinitions>
    <UnitTest name="Test_Event_ModelState_IsValid" storage="c:\users\kevin\desktop\git stuff, save save save\git\home\kevin\carpool\carpoolsystem.tests\bin\debug\carpoolsystem.tests.dll" id="30b87d5e-80e3-2a4e-fd41-1fc96e865503">
      <Execution id="331bb121-94a3-4680-bc76-8b232bad58fc" />
      <TestMethod codeBase="C:/Users/Kevin/Desktop/Git stuff, save save save/Git/home/kevin/Carpool/CarpoolSystem.Tests/bin/Debug/CarpoolSystem.Tests.DLL" adapterTypeName="Microsoft.VisualStudio.TestTools.TestTypes.Unit.UnitTestAdapter, Microsoft.VisualStudio.QualityTools.Tips.UnitTest.Adapter, Version=10.0.0.0, Culture=neutral, PublicKeyToken=b03f5f7f11d50a3a" className="CarpoolSystem.Tests.HomeControllerTest, CarpoolSystem.Tests, Version=1.0.0.0, Culture=neutral, PublicKeyToken=null" name="Test_Event_ModelState_IsValid" />
    </UnitTest>
  </TestDefinitions>
  <TestLists>
    <TestList name="Results Not in a List" id="8c84fa94-04c1-424b-9868-57a2d4851a1d" />
    <TestList name="All Loaded Results" id="19431567-8539-422a-85d7-44ee4e166bda" />
  </TestLists>
  <TestEntries>
    <TestEntry testId="30b87d5e-80e3-2a4e-fd41-1fc96e865503" executionId="331bb121-94a3-4680-bc76-8b232bad58fc" testListId="8c84fa94-04c1-424b-9868-57a2d4851a1d" />
  </TestEntries>
  <Results>
    <UnitTestResult executionId="331bb121-94a3-4680-bc76-8b232bad58fc" testId="30b87d5e-80e3-2a4e-fd41-1fc96e865503" testName="Test_Event_ModelState_IsValid" computerName="KEVIN-PC" testType="13cdc9d9-ddb5-4fa4-a97d-d965ccfc6d4b" outcome="NotExecuted" testListId="8c84fa94-04c1-424b-9868-57a2d4851a1d" relativeResultsDirectory="331bb121-94a3-4680-bc76-8b232bad58fc">
    </UnitTestResult>
  </Results>
</TestRun>